Test-Path : No se encuentra ning£n par metro que coincida con el nombre del par metro 'and'.
En C:\Users\jgr\Desktop\Cosas\Paginas Web\portfolio-opencode\scripts\prepare-videos.ps1: 25 Car cter: 35
+   if (Test-Path -LiteralPath $out -and (Test-Path -LiteralPath $poste ...
+                                   ~~~~
    + CategoryInfo          : InvalidArgument: (:) [Test-Path], ParameterBindingException
    + FullyQualifiedErrorId : NamedParameterNotFound,Microsoft.PowerShell.Commands.TestPathCommand
 
Test-Path : No se encuentra ning£n par metro que coincida con el nombre del par metro 'and'.
En C:\Users\jgr\Desktop\Cosas\Paginas Web\portfolio-opencode\scripts\prepare-videos.ps1: 25 Car cter: 35
+   if (Test-Path -LiteralPath $out -and (Test-Path -LiteralPath $poste ...
+                                   ~~~~
    + CategoryInfo          : InvalidArgument: (:) [Test-Path], ParameterBindingException
    + FullyQualifiedErrorId : NamedParameterNotFound,Microsoft.PowerShell.Commands.TestPathCommand
 
Test-Path : No se encuentra ning£n par metro que coincida con el nombre del par metro 'and'.
En C:\Users\jgr\Desktop\Cosas\Paginas Web\portfolio-opencode\scripts\prepare-videos.ps1: 25 Car cter: 35
+   if (Test-Path -LiteralPath $out -and (Test-Path -LiteralPath $poste ...
+                                   ~~~~
    + CategoryInfo          : InvalidArgument: (:) [Test-Path], ParameterBindingException
    + FullyQualifiedErrorId : NamedParameterNotFound,Microsoft.PowerShell.Commands.TestPathCommand
 
Test-Path : No se encuentra ning£n par metro que coincida con el nombre del par metro 'and'.
En C:\Users\jgr\Desktop\Cosas\Paginas Web\portfolio-opencode\scripts\prepare-videos.ps1: 25 Car cter: 35
+   if (Test-Path -LiteralPath $out -and (Test-Path -LiteralPath $poste ...
+                                   ~~~~
    + CategoryInfo          : InvalidArgument: (:) [Test-Path], ParameterBindingException
    + FullyQualifiedErrorId : NamedParameterNotFound,Microsoft.PowerShell.Commands.TestPathCommand
 
Test-Path : No se encuentra ning£n par metro que coincida con el nombre del par metro 'and'.
En C:\Users\jgr\Desktop\Cosas\Paginas Web\portfolio-opencode\scripts\prepare-videos.ps1: 25 Car cter: 35
+   if (Test-Path -LiteralPath $out -and (Test-Path -LiteralPath $poste ...
+                                   ~~~~
    + CategoryInfo          : InvalidArgument: (:) [Test-Path], ParameterBindingException
    + FullyQualifiedErrorId : NamedParameterNotFound,Microsoft.PowerShell.Commands.TestPathCommand
 
Test-Path : No se encuentra ning£n par metro que coincida con el nombre del par metro 'and'.
En C:\Users\jgr\Desktop\Cosas\Paginas Web\portfolio-opencode\scripts\prepare-videos.ps1: 25 Car cter: 35
+   if (Test-Path -LiteralPath $out -and (Test-Path -LiteralPath $poste ...
+                                   ~~~~
    + CategoryInfo          : InvalidArgument: (:) [Test-Path], ParameterBindingException
    + FullyQualifiedErrorId : NamedParameterNotFound,Microsoft.PowerShell.Commands.TestPathCommand
 
Test-Path : No se encuentra ning£n par metro que coincida con el nombre del par metro 'and'.
En C:\Users\jgr\Desktop\Cosas\Paginas Web\portfolio-opencode\scripts\prepare-videos.ps1: 25 Car cter: 35
+   if (Test-Path -LiteralPath $out -and (Test-Path -LiteralPath $poste ...
+                                   ~~~~
    + CategoryInfo          : InvalidArgument: (:) [Test-Path], ParameterBindingException
    + FullyQualifiedErrorId : NamedParameterNotFound,Microsoft.PowerShell.Commands.TestPathCommand
 
Test-Path : No se encuentra ning£n par metro que coincida con el nombre del par metro 'and'.
En C:\Users\jgr\Desktop\Cosas\Paginas Web\portfolio-opencode\scripts\prepare-videos.ps1: 25 Car cter: 35
+   if (Test-Path -LiteralPath $out -and (Test-Path -LiteralPath $poste ...
+                                   ~~~~
    + CategoryInfo          : InvalidArgument: (:) [Test-Path], ParameterBindingException
    + FullyQualifiedErrorId : NamedParameterNotFound,Microsoft.PowerShell.Commands.TestPathCommand
 
Test-Path : No se encuentra ning£n par metro que coincida con el nombre del par metro 'and'.
En C:\Users\jgr\Desktop\Cosas\Paginas Web\portfolio-opencode\scripts\prepare-videos.ps1: 25 Car cter: 35
+   if (Test-Path -LiteralPath $out -and (Test-Path -LiteralPath $poste ...
+                                   ~~~~
    + CategoryInfo          : InvalidArgument: (:) [Test-Path], ParameterBindingException
    + FullyQualifiedErrorId : NamedParameterNotFound,Microsoft.PowerShell.Commands.TestPathCommand
 
Test-Path : No se encuentra ning£n par metro que coincida con el nombre del par metro 'and'.
En C:\Users\jgr\Desktop\Cosas\Paginas Web\portfolio-opencode\scripts\prepare-videos.ps1: 25 Car cter: 35
+   if (Test-Path -LiteralPath $out -and (Test-Path -LiteralPath $poste ...
+                                   ~~~~
    + CategoryInfo          : InvalidArgument: (:) [Test-Path], ParameterBindingException
    + FullyQualifiedErrorId : NamedParameterNotFound,Microsoft.PowerShell.Commands.TestPathCommand
 
Test-Path : No se encuentra ning£n par metro que coincida con el nombre del par metro 'and'.
En C:\Users\jgr\Desktop\Cosas\Paginas Web\portfolio-opencode\scripts\prepare-videos.ps1: 25 Car cter: 35
+   if (Test-Path -LiteralPath $out -and (Test-Path -LiteralPath $poste ...
+                                   ~~~~
    + CategoryInfo          : InvalidArgument: (:) [Test-Path], ParameterBindingException
    + FullyQualifiedErrorId : NamedParameterNotFound,Microsoft.PowerShell.Commands.TestPathCommand
 
Test-Path : No se encuentra ning£n par metro que coincida con el nombre del par metro 'and'.
En C:\Users\jgr\Desktop\Cosas\Paginas Web\portfolio-opencode\scripts\prepare-videos.ps1: 25 Car cter: 35
+   if (Test-Path -LiteralPath $out -and (Test-Path -LiteralPath $poste ...
+                                   ~~~~
    + CategoryInfo          : InvalidArgument: (:) [Test-Path], ParameterBindingException
    + FullyQualifiedErrorId : NamedParameterNotFound,Microsoft.PowerShell.Commands.TestPathCommand
 
Test-Path : No se encuentra ning£n par metro que coincida con el nombre del par metro 'and'.
En C:\Users\jgr\Desktop\Cosas\Paginas Web\portfolio-opencode\scripts\prepare-videos.ps1: 25 Car cter: 35
+   if (Test-Path -LiteralPath $out -and (Test-Path -LiteralPath $poste ...
+                                   ~~~~
    + CategoryInfo          : InvalidArgument: (:) [Test-Path], ParameterBindingException
    + FullyQualifiedErrorId : NamedParameterNotFound,Microsoft.PowerShell.Commands.TestPathCommand
 
Test-Path : No se encuentra ning£n par metro que coincida con el nombre del par metro 'and'.
En C:\Users\jgr\Desktop\Cosas\Paginas Web\portfolio-opencode\scripts\prepare-videos.ps1: 25 Car cter: 35
+   if (Test-Path -LiteralPath $out -and (Test-Path -LiteralPath $poste ...
+                                   ~~~~
    + CategoryInfo          : InvalidArgument: (:) [Test-Path], ParameterBindingException
    + FullyQualifiedErrorId : NamedParameterNotFound,Microsoft.PowerShell.Commands.TestPathCommand
 
Test-Path : No se encuentra ning£n par metro que coincida con el nombre del par metro 'and'.
En C:\Users\jgr\Desktop\Cosas\Paginas Web\portfolio-opencode\scripts\prepare-videos.ps1: 25 Car cter: 35
+   if (Test-Path -LiteralPath $out -and (Test-Path -LiteralPath $poste ...
+                                   ~~~~
    + CategoryInfo          : InvalidArgument: (:) [Test-Path], ParameterBindingException
    + FullyQualifiedErrorId : NamedParameterNotFound,Microsoft.PowerShell.Commands.TestPathCommand
 
Test-Path : No se encuentra ning£n par metro que coincida con el nombre del par metro 'and'.
En C:\Users\jgr\Desktop\Cosas\Paginas Web\portfolio-opencode\scripts\prepare-videos.ps1: 25 Car cter: 35
+   if (Test-Path -LiteralPath $out -and (Test-Path -LiteralPath $poste ...
+                                   ~~~~
    + CategoryInfo          : InvalidArgument: (:) [Test-Path], ParameterBindingException
    + FullyQualifiedErrorId : NamedParameterNotFound,Microsoft.PowerShell.Commands.TestPathCommand
 
Test-Path : No se encuentra ning£n par metro que coincida con el nombre del par metro 'and'.
En C:\Users\jgr\Desktop\Cosas\Paginas Web\portfolio-opencode\scripts\prepare-videos.ps1: 25 Car cter: 35
+   if (Test-Path -LiteralPath $out -and (Test-Path -LiteralPath $poste ...
+                                   ~~~~
    + CategoryInfo          : InvalidArgument: (:) [Test-Path], ParameterBindingException
    + FullyQualifiedErrorId : NamedParameterNotFound,Microsoft.PowerShell.Commands.TestPathCommand
 
Test-Path : No se encuentra ning£n par metro que coincida con el nombre del par metro 'and'.
En C:\Users\jgr\Desktop\Cosas\Paginas Web\portfolio-opencode\scripts\prepare-videos.ps1: 25 Car cter: 35
+   if (Test-Path -LiteralPath $out -and (Test-Path -LiteralPath $poste ...
+                                   ~~~~
    + CategoryInfo          : InvalidArgument: (:) [Test-Path], ParameterBindingException
    + FullyQualifiedErrorId : NamedParameterNotFound,Microsoft.PowerShell.Commands.TestPathCommand
 
Test-Path : No se encuentra ning£n par metro que coincida con el nombre del par metro 'and'.
En C:\Users\jgr\Desktop\Cosas\Paginas Web\portfolio-opencode\scripts\prepare-videos.ps1: 25 Car cter: 35
+   if (Test-Path -LiteralPath $out -and (Test-Path -LiteralPath $poste ...
+                                   ~~~~
    + CategoryInfo          : InvalidArgument: (:) [Test-Path], ParameterBindingException
    + FullyQualifiedErrorId : NamedParameterNotFound,Microsoft.PowerShell.Commands.TestPathCommand
 
Test-Path : No se encuentra ning£n par metro que coincida con el nombre del par metro 'and'.
En C:\Users\jgr\Desktop\Cosas\Paginas Web\portfolio-opencode\scripts\prepare-videos.ps1: 25 Car cter: 35
+   if (Test-Path -LiteralPath $out -and (Test-Path -LiteralPath $poste ...
+                                   ~~~~
    + CategoryInfo          : InvalidArgument: (:) [Test-Path], ParameterBindingException
    + FullyQualifiedErrorId : NamedParameterNotFound,Microsoft.PowerShell.Commands.TestPathCommand
 
Test-Path : No se encuentra ning£n par metro que coincida con el nombre del par metro 'and'.
En C:\Users\jgr\Desktop\Cosas\Paginas Web\portfolio-opencode\scripts\prepare-videos.ps1: 25 Car cter: 35
+   if (Test-Path -LiteralPath $out -and (Test-Path -LiteralPath $poste ...
+                                   ~~~~
    + CategoryInfo          : InvalidArgument: (:) [Test-Path], ParameterBindingException
    + FullyQualifiedErrorId : NamedParameterNotFound,Microsoft.PowerShell.Commands.TestPathCommand
 
Test-Path : No se encuentra ning£n par metro que coincida con el nombre del par metro 'and'.
En C:\Users\jgr\Desktop\Cosas\Paginas Web\portfolio-opencode\scripts\prepare-videos.ps1: 25 Car cter: 35
+   if (Test-Path -LiteralPath $out -and (Test-Path -LiteralPath $poste ...
+                                   ~~~~
    + CategoryInfo          : InvalidArgument: (:) [Test-Path], ParameterBindingException
    + FullyQualifiedErrorId : NamedParameterNotFound,Microsoft.PowerShell.Commands.TestPathCommand
 
Test-Path : No se encuentra ning£n par metro que coincida con el nombre del par metro 'and'.
En C:\Users\jgr\Desktop\Cosas\Paginas Web\portfolio-opencode\scripts\prepare-videos.ps1: 25 Car cter: 35
+   if (Test-Path -LiteralPath $out -and (Test-Path -LiteralPath $poste ...
+                                   ~~~~
    + CategoryInfo          : InvalidArgument: (:) [Test-Path], ParameterBindingException
    + FullyQualifiedErrorId : NamedParameterNotFound,Microsoft.PowerShell.Commands.TestPathCommand
 
Test-Path : No se encuentra ning£n par metro que coincida con el nombre del par metro 'and'.
En C:\Users\jgr\Desktop\Cosas\Paginas Web\portfolio-opencode\scripts\prepare-videos.ps1: 25 Car cter: 35
+   if (Test-Path -LiteralPath $out -and (Test-Path -LiteralPath $poste ...
+                                   ~~~~
    + CategoryInfo          : InvalidArgument: (:) [Test-Path], ParameterBindingException
    + FullyQualifiedErrorId : NamedParameterNotFound,Microsoft.PowerShell.Commands.TestPathCommand
 
Test-Path : No se encuentra ning£n par metro que coincida con el nombre del par metro 'and'.
En C:\Users\jgr\Desktop\Cosas\Paginas Web\portfolio-opencode\scripts\prepare-videos.ps1: 25 Car cter: 35
+   if (Test-Path -LiteralPath $out -and (Test-Path -LiteralPath $poste ...
+                                   ~~~~
    + CategoryInfo          : InvalidArgument: (:) [Test-Path], ParameterBindingException
    + FullyQualifiedErrorId : NamedParameterNotFound,Microsoft.PowerShell.Commands.TestPathCommand
 
Test-Path : No se encuentra ning£n par metro que coincida con el nombre del par metro 'and'.
En C:\Users\jgr\Desktop\Cosas\Paginas Web\portfolio-opencode\scripts\prepare-videos.ps1: 25 Car cter: 35
+   if (Test-Path -LiteralPath $out -and (Test-Path -LiteralPath $poste ...
+                                   ~~~~
    + CategoryInfo          : InvalidArgument: (:) [Test-Path], ParameterBindingException
    + FullyQualifiedErrorId : NamedParameterNotFound,Microsoft.PowerShell.Commands.TestPathCommand
 
Test-Path : No se encuentra ning£n par metro que coincida con el nombre del par metro 'and'.
En C:\Users\jgr\Desktop\Cosas\Paginas Web\portfolio-opencode\scripts\prepare-videos.ps1: 25 Car cter: 35
+   if (Test-Path -LiteralPath $out -and (Test-Path -LiteralPath $poste ...
+                                   ~~~~
    + CategoryInfo          : InvalidArgument: (:) [Test-Path], ParameterBindingException
    + FullyQualifiedErrorId : NamedParameterNotFound,Microsoft.PowerShell.Commands.TestPathCommand
 
Test-Path : No se encuentra ning£n par metro que coincida con el nombre del par metro 'and'.
En C:\Users\jgr\Desktop\Cosas\Paginas Web\portfolio-opencode\scripts\prepare-videos.ps1: 25 Car cter: 35
+   if (Test-Path -LiteralPath $out -and (Test-Path -LiteralPath $poste ...
+                                   ~~~~
    + CategoryInfo          : InvalidArgument: (:) [Test-Path], ParameterBindingException
    + FullyQualifiedErrorId : NamedParameterNotFound,Microsoft.PowerShell.Commands.TestPathCommand
 
Test-Path : No se encuentra ning£n par metro que coincida con el nombre del par metro 'and'.
En C:\Users\jgr\Desktop\Cosas\Paginas Web\portfolio-opencode\scripts\prepare-videos.ps1: 25 Car cter: 35
+   if (Test-Path -LiteralPath $out -and (Test-Path -LiteralPath $poste ...
+                                   ~~~~
    + CategoryInfo          : InvalidArgument: (:) [Test-Path], ParameterBindingException
    + FullyQualifiedErrorId : NamedParameterNotFound,Microsoft.PowerShell.Commands.TestPathCommand
 
Test-Path : No se encuentra ning£n par metro que coincida con el nombre del par metro 'and'.
En C:\Users\jgr\Desktop\Cosas\Paginas Web\portfolio-opencode\scripts\prepare-videos.ps1: 25 Car cter: 35
+   if (Test-Path -LiteralPath $out -and (Test-Path -LiteralPath $poste ...
+                                   ~~~~
    + CategoryInfo          : InvalidArgument: (:) [Test-Path], ParameterBindingException
    + FullyQualifiedErrorId : NamedParameterNotFound,Microsoft.PowerShell.Commands.TestPathCommand
 
Test-Path : No se encuentra ning£n par metro que coincida con el nombre del par metro 'and'.
En C:\Users\jgr\Desktop\Cosas\Paginas Web\portfolio-opencode\scripts\prepare-videos.ps1: 25 Car cter: 35
+   if (Test-Path -LiteralPath $out -and (Test-Path -LiteralPath $poste ...
+                                   ~~~~
    + CategoryInfo          : InvalidArgument: (:) [Test-Path], ParameterBindingException
    + FullyQualifiedErrorId : NamedParameterNotFound,Microsoft.PowerShell.Commands.TestPathCommand
 
